<?xml version="1.0" encoding="UTF-8"?><mappingRoot xmlns="http://www.ibm.com/2008/ccl/Mapping" domainID="com.ibm.msl.mapping.xml" domainIDExtension="mb" mainMap="true" targetNamespace="default" version="8.0.5.0" xmlns:map="default">
    <inlinedXMLSchema><![CDATA[<?xml version="1.0" encoding="UTF-8"?><xsd:schema xmlns:xsd="http://www.w3.org/2001/XMLSchema">  
    <xsd:element name="accountNumber" type="xsd:string"/>  
</xsd:schema>]]></inlinedXMLSchema>
    <input path="jar:file://!com/ibm/etools/mft/map/xsds/predefined/BlobMessage.xsd" var="var"/>
    <input inlinedXMLSchema="true" path="../schema_0.xsd" var="var1"/>
    <output path="mbsharedlib://AccountsDemoLib/AccountsDemo.xsd"/>
    <namespaces>
        <namespace kind="supplement" prefix="out" uri="http://www.ibm.com/iib/msl/json"/>
    </namespaces>
    <generation engine="xquery"/>
    <mappingDeclaration name="getAccountInfo_Propagate_param">
        <input derivedFrom="MB:JSON_operation_name:getAccountInfo" path="$var/mb:msg(BLOB,assembly,BLOB,Properties,LocalEnvironment)" var="ComIbmMessageAssembly_BLOB">
            <cast derivedFrom="MB:JSON_path_query_parm:accountNumber" path="$ComIbmMessageAssembly_BLOB/LocalEnvironment/REST/Input/Parameters/any" qualifier="accountNumber" ref="var1"/>
        </input>
        <output path="mb:msg(accountNumber,assembly,XMLNSC,Properties)" var="MessageAssembly"/>
        <task type="info">
            <documentation description="The REST API input data of operation getAccountInfo.">This Task is provided to show the location of the REST API input data of operation getAccountInfo.
The path and query parameters are provided under "Parameters".
You may need to use these as inputs to your mappings.</documentation>
            <input path="$ComIbmMessageAssembly_BLOB/LocalEnvironment/REST/Input"/>
        </task>
        <move>
            <input path="$ComIbmMessageAssembly_BLOB/Properties"/>
            <output path="$MessageAssembly/Properties"/>
            <override>
                <assign value="{AccountsDemoLib}">
                    <output path="$MessageAssembly/Properties/MessageSet"/>
                </assign>
            </override>
        </move>
        <move>
            <input path="$ComIbmMessageAssembly_BLOB/LocalEnvironment/REST/Input/Parameters/accountNumber[1]"/>
            <output path="$MessageAssembly/accountNumber"/>
        </move>
    </mappingDeclaration>
</mappingRoot>